// Vitest Snapshot v1, https://vitest.dev/guide/snapshot.html

exports[`GridView renders correctly 1`] = `
{
  "asFragment": [Function],
  "baseElement": <body>
    <div>
      <div
        class="grid-container"
      >
        <a
          class="item"
          href="#/abstract/38893888"
        >
          <img
            alt="school logo"
            class="mt-5 p-[2px]"
            src="/StudentSymposiumSoftware/umaine-machias.png"
          />
          <h4>
            38893888: Machine Learning Approaches To Financial Fraud Detection
          </h4>
          <span>
            <svg
              aria-hidden="true"
              class="MuiSvgIcon-root MuiSvgIcon-fontSizeMedium mr-[2px] css-1umw9bq-MuiSvgIcon-root"
              data-testid="PersonRoundedIcon"
              focusable="false"
              viewBox="0 0 24 24"
            >
              <path
                d="M12 12c2.21 0 4-1.79 4-4s-1.79-4-4-4-4 1.79-4 4 1.79 4 4 4m0 2c-2.67 0-8 1.34-8 4v1c0 .55.45 1 1 1h14c.55 0 1-.45 1-1v-1c0-2.66-5.33-4-8-4"
              />
            </svg>
            <h4
              class="author-link inline-block leading-[24px]"
            >
               
              Elijah Smith
            </h4>
          </span>
        </a>
        <a
          class="item"
          href="#/abstract/75957852"
        >
          <img
            alt="school logo"
            class="mt-5 p-[2px]"
            src="/StudentSymposiumSoftware/umaine-machias.png"
          />
          <h4>
            75957852: The Psychology Of Decision-making In Uncertain Environments
          </h4>
          <span>
            <svg
              aria-hidden="true"
              class="MuiSvgIcon-root MuiSvgIcon-fontSizeMedium mr-[2px] css-1umw9bq-MuiSvgIcon-root"
              data-testid="PersonRoundedIcon"
              focusable="false"
              viewBox="0 0 24 24"
            >
              <path
                d="M12 12c2.21 0 4-1.79 4-4s-1.79-4-4-4-4 1.79-4 4 1.79 4 4 4m0 2c-2.67 0-8 1.34-8 4v1c0 .55.45 1 1 1h14c.55 0 1-.45 1-1v-1c0-2.66-5.33-4-8-4"
              />
            </svg>
            <h4
              class="author-link inline-block leading-[24px]"
            >
               
              Sophia Campbell
            </h4>
          </span>
        </a>
        <a
          class="item"
          href="#/abstract/48203955"
        >
          <img
            alt="school logo"
            class="mt-5 p-[2px]"
            src="/StudentSymposiumSoftware/umaine-machias.png"
          />
          <h4>
            48203955: The Sociology Of Online Communities In The Digital Age
          </h4>
          <span>
            <svg
              aria-hidden="true"
              class="MuiSvgIcon-root MuiSvgIcon-fontSizeMedium mr-[2px] css-1umw9bq-MuiSvgIcon-root"
              data-testid="PersonRoundedIcon"
              focusable="false"
              viewBox="0 0 24 24"
            >
              <path
                d="M12 12c2.21 0 4-1.79 4-4s-1.79-4-4-4-4 1.79-4 4 1.79 4 4 4m0 2c-2.67 0-8 1.34-8 4v1c0 .55.45 1 1 1h14c.55 0 1-.45 1-1v-1c0-2.66-5.33-4-8-4"
              />
            </svg>
            <h4
              class="author-link inline-block leading-[24px]"
            >
               
              Lucy Martinez
            </h4>
          </span>
        </a>
        <a
          class="item"
          href="#/abstract/64568884"
        >
          <img
            alt="school logo"
            class="mt-5 p-[2px]"
            src="/StudentSymposiumSoftware/umaine-machias.png"
          />
          <h4>
            64568884: Advancements In Human-robot Interaction For Assistive Technologies
          </h4>
          <span>
            <svg
              aria-hidden="true"
              class="MuiSvgIcon-root MuiSvgIcon-fontSizeMedium mr-[2px] css-1umw9bq-MuiSvgIcon-root"
              data-testid="PersonRoundedIcon"
              focusable="false"
              viewBox="0 0 24 24"
            >
              <path
                d="M12 12c2.21 0 4-1.79 4-4s-1.79-4-4-4-4 1.79-4 4 1.79 4 4 4m0 2c-2.67 0-8 1.34-8 4v1c0 .55.45 1 1 1h14c.55 0 1-.45 1-1v-1c0-2.66-5.33-4-8-4"
              />
            </svg>
            <h4
              class="author-link inline-block leading-[24px]"
            >
               
              Zoe Jackson
            </h4>
          </span>
        </a>
        <a
          class="item"
          href="#/abstract/40679302"
        >
          <img
            alt="school logo"
            class="mt-5 p-[2px]"
            src="/StudentSymposiumSoftware/umaine-machias.png"
          />
          <h4>
            40679302: Blockchain Technology In Supply Chain Transparency
          </h4>
          <span>
            <svg
              aria-hidden="true"
              class="MuiSvgIcon-root MuiSvgIcon-fontSizeMedium mr-[2px] css-1umw9bq-MuiSvgIcon-root"
              data-testid="PersonRoundedIcon"
              focusable="false"
              viewBox="0 0 24 24"
            >
              <path
                d="M12 12c2.21 0 4-1.79 4-4s-1.79-4-4-4-4 1.79-4 4 1.79 4 4 4m0 2c-2.67 0-8 1.34-8 4v1c0 .55.45 1 1 1h14c.55 0 1-.45 1-1v-1c0-2.66-5.33-4-8-4"
              />
            </svg>
            <h4
              class="author-link inline-block leading-[24px]"
            >
               
              Noah King
            </h4>
          </span>
        </a>
        <a
          class="item"
          href="#/abstract/37625940"
        >
          <img
            alt="school logo"
            class="mt-5 p-[2px]"
            src="/StudentSymposiumSoftware/umaine-orono.png"
          />
          <h4>
            37625940: Advancements In Human-robot Interaction For Assistive Technologies
          </h4>
          <span>
            <svg
              aria-hidden="true"
              class="MuiSvgIcon-root MuiSvgIcon-fontSizeMedium mr-[2px] css-1umw9bq-MuiSvgIcon-root"
              data-testid="PersonRoundedIcon"
              focusable="false"
              viewBox="0 0 24 24"
            >
              <path
                d="M12 12c2.21 0 4-1.79 4-4s-1.79-4-4-4-4 1.79-4 4 1.79 4 4 4m0 2c-2.67 0-8 1.34-8 4v1c0 .55.45 1 1 1h14c.55 0 1-.45 1-1v-1c0-2.66-5.33-4-8-4"
              />
            </svg>
            <h4
              class="author-link inline-block leading-[24px]"
            >
               
              Joseph Baker
            </h4>
          </span>
        </a>
        <a
          class="item"
          href="#/abstract/35716422"
        >
          <img
            alt="school logo"
            class="mt-5 p-[2px]"
            src="/StudentSymposiumSoftware/umaine-machias.png"
          />
          <h4>
            35716422: Climate Change And Its Effects On Global Food Security
          </h4>
          <span>
            <svg
              aria-hidden="true"
              class="MuiSvgIcon-root MuiSvgIcon-fontSizeMedium mr-[2px] css-1umw9bq-MuiSvgIcon-root"
              data-testid="PersonRoundedIcon"
              focusable="false"
              viewBox="0 0 24 24"
            >
              <path
                d="M12 12c2.21 0 4-1.79 4-4s-1.79-4-4-4-4 1.79-4 4 1.79 4 4 4m0 2c-2.67 0-8 1.34-8 4v1c0 .55.45 1 1 1h14c.55 0 1-.45 1-1v-1c0-2.66-5.33-4-8-4"
              />
            </svg>
            <h4
              class="author-link inline-block leading-[24px]"
            >
               
              Ava Rodriguez
            </h4>
          </span>
        </a>
        <a
          class="item"
          href="#/abstract/82413071"
        >
          <img
            alt="school logo"
            class="mt-5 p-[2px]"
            src="/StudentSymposiumSoftware/umaine-machias.png"
          />
          <h4>
            82413071: The Psychology Of Decision-making In Uncertain Environments
          </h4>
          <span>
            <svg
              aria-hidden="true"
              class="MuiSvgIcon-root MuiSvgIcon-fontSizeMedium mr-[2px] css-1umw9bq-MuiSvgIcon-root"
              data-testid="PersonRoundedIcon"
              focusable="false"
              viewBox="0 0 24 24"
            >
              <path
                d="M12 12c2.21 0 4-1.79 4-4s-1.79-4-4-4-4 1.79-4 4 1.79 4 4 4m0 2c-2.67 0-8 1.34-8 4v1c0 .55.45 1 1 1h14c.55 0 1-.45 1-1v-1c0-2.66-5.33-4-8-4"
              />
            </svg>
            <h4
              class="author-link inline-block leading-[24px]"
            >
               
              Henry Adams
            </h4>
          </span>
        </a>
        <a
          class="item"
          href="#/abstract/27882383"
        >
          <img
            alt="school logo"
            class="mt-5 p-[2px]"
            src="/StudentSymposiumSoftware/umaine-orono.png"
          />
          <h4>
            27882383: Machine Learning Approaches To Financial Fraud Detection
          </h4>
          <span>
            <svg
              aria-hidden="true"
              class="MuiSvgIcon-root MuiSvgIcon-fontSizeMedium mr-[2px] css-1umw9bq-MuiSvgIcon-root"
              data-testid="PersonRoundedIcon"
              focusable="false"
              viewBox="0 0 24 24"
            >
              <path
                d="M12 12c2.21 0 4-1.79 4-4s-1.79-4-4-4-4 1.79-4 4 1.79 4 4 4m0 2c-2.67 0-8 1.34-8 4v1c0 .55.45 1 1 1h14c.55 0 1-.45 1-1v-1c0-2.66-5.33-4-8-4"
              />
            </svg>
            <h4
              class="author-link inline-block leading-[24px]"
            >
               
              Mason Hernandez
            </h4>
          </span>
        </a>
        <a
          class="item"
          href="#/abstract/92969314"
        >
          <img
            alt="school logo"
            class="mt-5 p-[2px]"
            src="/StudentSymposiumSoftware/umaine-orono.png"
          />
          <h4>
            92969314: Machine Learning Approaches To Financial Fraud Detection
          </h4>
          <span>
            <svg
              aria-hidden="true"
              class="MuiSvgIcon-root MuiSvgIcon-fontSizeMedium mr-[2px] css-1umw9bq-MuiSvgIcon-root"
              data-testid="PersonRoundedIcon"
              focusable="false"
              viewBox="0 0 24 24"
            >
              <path
                d="M12 12c2.21 0 4-1.79 4-4s-1.79-4-4-4-4 1.79-4 4 1.79 4 4 4m0 2c-2.67 0-8 1.34-8 4v1c0 .55.45 1 1 1h14c.55 0 1-.45 1-1v-1c0-2.66-5.33-4-8-4"
              />
            </svg>
            <h4
              class="author-link inline-block leading-[24px]"
            >
               
              Emma Taylor
            </h4>
          </span>
        </a>
        <a
          class="item"
          href="#/abstract/29718536"
        >
          <img
            alt="school logo"
            class="mt-5 p-[2px]"
            src="/StudentSymposiumSoftware/umaine-machias.png"
          />
          <h4>
            29718536: The Role Of Citizen Science In Biodiversity Conservation
          </h4>
          <span>
            <svg
              aria-hidden="true"
              class="MuiSvgIcon-root MuiSvgIcon-fontSizeMedium mr-[2px] css-1umw9bq-MuiSvgIcon-root"
              data-testid="PersonRoundedIcon"
              focusable="false"
              viewBox="0 0 24 24"
            >
              <path
                d="M12 12c2.21 0 4-1.79 4-4s-1.79-4-4-4-4 1.79-4 4 1.79 4 4 4m0 2c-2.67 0-8 1.34-8 4v1c0 .55.45 1 1 1h14c.55 0 1-.45 1-1v-1c0-2.66-5.33-4-8-4"
              />
            </svg>
            <h4
              class="author-link inline-block leading-[24px]"
            >
               
              Aurora Martinez
            </h4>
          </span>
        </a>
        <a
          class="item"
          href="#/abstract/1457768"
        >
          <img
            alt="school logo"
            class="mt-5 p-[2px]"
            src="/StudentSymposiumSoftware/umaine-orono.png"
          />
          <h4>
            1457768: The Role Of Citizen Science In Biodiversity Conservation
          </h4>
          <span>
            <svg
              aria-hidden="true"
              class="MuiSvgIcon-root MuiSvgIcon-fontSizeMedium mr-[2px] css-1umw9bq-MuiSvgIcon-root"
              data-testid="PersonRoundedIcon"
              focusable="false"
              viewBox="0 0 24 24"
            >
              <path
                d="M12 12c2.21 0 4-1.79 4-4s-1.79-4-4-4-4 1.79-4 4 1.79 4 4 4m0 2c-2.67 0-8 1.34-8 4v1c0 .55.45 1 1 1h14c.55 0 1-.45 1-1v-1c0-2.66-5.33-4-8-4"
              />
            </svg>
            <h4
              class="author-link inline-block leading-[24px]"
            >
               
              Lucas Robinson
            </h4>
          </span>
        </a>
        <a
          class="item"
          href="#/abstract/14148682"
        >
          <img
            alt="school logo"
            class="mt-5 p-[2px]"
            src="/StudentSymposiumSoftware/umaine-orono.png"
          />
          <h4>
            14148682: Blockchain Technology In Supply Chain Transparency
          </h4>
          <span>
            <svg
              aria-hidden="true"
              class="MuiSvgIcon-root MuiSvgIcon-fontSizeMedium mr-[2px] css-1umw9bq-MuiSvgIcon-root"
              data-testid="PersonRoundedIcon"
              focusable="false"
              viewBox="0 0 24 24"
            >
              <path
                d="M12 12c2.21 0 4-1.79 4-4s-1.79-4-4-4-4 1.79-4 4 1.79 4 4 4m0 2c-2.67 0-8 1.34-8 4v1c0 .55.45 1 1 1h14c.55 0 1-.45 1-1v-1c0-2.66-5.33-4-8-4"
              />
            </svg>
            <h4
              class="author-link inline-block leading-[24px]"
            >
               
              Chloe Adams
            </h4>
          </span>
        </a>
        <a
          class="item"
          href="#/abstract/60454722"
        >
          <img
            alt="school logo"
            class="mt-5 p-[2px]"
            src="/StudentSymposiumSoftware/umaine-orono.png"
          />
          <h4>
            60454722: Exploring The Feasibility Of Space-based Solar Power
          </h4>
          <span>
            <svg
              aria-hidden="true"
              class="MuiSvgIcon-root MuiSvgIcon-fontSizeMedium mr-[2px] css-1umw9bq-MuiSvgIcon-root"
              data-testid="PersonRoundedIcon"
              focusable="false"
              viewBox="0 0 24 24"
            >
              <path
                d="M12 12c2.21 0 4-1.79 4-4s-1.79-4-4-4-4 1.79-4 4 1.79 4 4 4m0 2c-2.67 0-8 1.34-8 4v1c0 .55.45 1 1 1h14c.55 0 1-.45 1-1v-1c0-2.66-5.33-4-8-4"
              />
            </svg>
            <h4
              class="author-link inline-block leading-[24px]"
            >
               
              Layla Young
            </h4>
          </span>
        </a>
        <a
          class="item"
          href="#/abstract/41498009"
        >
          <img
            alt="school logo"
            class="mt-5 p-[2px]"
            src="/StudentSymposiumSoftware/umaine-machias.png"
          />
          <h4>
            41498009: Social Media Influence On Adolescent Mental Health
          </h4>
          <span>
            <svg
              aria-hidden="true"
              class="MuiSvgIcon-root MuiSvgIcon-fontSizeMedium mr-[2px] css-1umw9bq-MuiSvgIcon-root"
              data-testid="PersonRoundedIcon"
              focusable="false"
              viewBox="0 0 24 24"
            >
              <path
                d="M12 12c2.21 0 4-1.79 4-4s-1.79-4-4-4-4 1.79-4 4 1.79 4 4 4m0 2c-2.67 0-8 1.34-8 4v1c0 .55.45 1 1 1h14c.55 0 1-.45 1-1v-1c0-2.66-5.33-4-8-4"
              />
            </svg>
            <h4
              class="author-link inline-block leading-[24px]"
            >
               
              Alexander Hall
            </h4>
          </span>
        </a>
        <a
          class="item"
          href="#/abstract/23333306"
        >
          <img
            alt="school logo"
            class="mt-5 p-[2px]"
            src="/StudentSymposiumSoftware/umaine-orono.png"
          />
          <h4>
            23333306: Analyzing The Impact Of Microplastics On Marine Ecosystems
          </h4>
          <span>
            <svg
              aria-hidden="true"
              class="MuiSvgIcon-root MuiSvgIcon-fontSizeMedium mr-[2px] css-1umw9bq-MuiSvgIcon-root"
              data-testid="PersonRoundedIcon"
              focusable="false"
              viewBox="0 0 24 24"
            >
              <path
                d="M12 12c2.21 0 4-1.79 4-4s-1.79-4-4-4-4 1.79-4 4 1.79 4 4 4m0 2c-2.67 0-8 1.34-8 4v1c0 .55.45 1 1 1h14c.55 0 1-.45 1-1v-1c0-2.66-5.33-4-8-4"
              />
            </svg>
            <h4
              class="author-link inline-block leading-[24px]"
            >
               
              Zoe Young
            </h4>
          </span>
        </a>
        <a
          class="item"
          href="#/abstract/97656877"
        >
          <img
            alt="school logo"
            class="mt-5 p-[2px]"
            src="/StudentSymposiumSoftware/umaine-machias.png"
          />
          <h4>
            97656877: Cultural Impacts On Language Evolution
          </h4>
          <span>
            <svg
              aria-hidden="true"
              class="MuiSvgIcon-root MuiSvgIcon-fontSizeMedium mr-[2px] css-1umw9bq-MuiSvgIcon-root"
              data-testid="PersonRoundedIcon"
              focusable="false"
              viewBox="0 0 24 24"
            >
              <path
                d="M12 12c2.21 0 4-1.79 4-4s-1.79-4-4-4-4 1.79-4 4 1.79 4 4 4m0 2c-2.67 0-8 1.34-8 4v1c0 .55.45 1 1 1h14c.55 0 1-.45 1-1v-1c0-2.66-5.33-4-8-4"
              />
            </svg>
            <h4
              class="author-link inline-block leading-[24px]"
            >
               
              Mason Clark
            </h4>
          </span>
        </a>
        <a
          class="item"
          href="#/abstract/91417686"
        >
          <img
            alt="school logo"
            class="mt-5 p-[2px]"
            src="/StudentSymposiumSoftware/umaine-machias.png"
          />
          <h4>
            91417686: Social Media Influence On Adolescent Mental Health
          </h4>
          <span>
            <svg
              aria-hidden="true"
              class="MuiSvgIcon-root MuiSvgIcon-fontSizeMedium mr-[2px] css-1umw9bq-MuiSvgIcon-root"
              data-testid="PersonRoundedIcon"
              focusable="false"
              viewBox="0 0 24 24"
            >
              <path
                d="M12 12c2.21 0 4-1.79 4-4s-1.79-4-4-4-4 1.79-4 4 1.79 4 4 4m0 2c-2.67 0-8 1.34-8 4v1c0 .55.45 1 1 1h14c.55 0 1-.45 1-1v-1c0-2.66-5.33-4-8-4"
              />
            </svg>
            <h4
              class="author-link inline-block leading-[24px]"
            >
               
              Henry Hall
            </h4>
          </span>
        </a>
        <a
          class="item"
          href="#/abstract/4887031"
        >
          <img
            alt="school logo"
            class="mt-5 p-[2px]"
            src="/StudentSymposiumSoftware/umaine-machias.png"
          />
          <h4>
            4887031: Advancements In Human-robot Interaction For Assistive Technologies
          </h4>
          <span>
            <svg
              aria-hidden="true"
              class="MuiSvgIcon-root MuiSvgIcon-fontSizeMedium mr-[2px] css-1umw9bq-MuiSvgIcon-root"
              data-testid="PersonRoundedIcon"
              focusable="false"
              viewBox="0 0 24 24"
            >
              <path
                d="M12 12c2.21 0 4-1.79 4-4s-1.79-4-4-4-4 1.79-4 4 1.79 4 4 4m0 2c-2.67 0-8 1.34-8 4v1c0 .55.45 1 1 1h14c.55 0 1-.45 1-1v-1c0-2.66-5.33-4-8-4"
              />
            </svg>
            <h4
              class="author-link inline-block leading-[24px]"
            >
               
              Samuel Scott
            </h4>
          </span>
        </a>
        <a
          class="item"
          href="#/abstract/36475226"
        >
          <img
            alt="school logo"
            class="mt-5 p-[2px]"
            src="/StudentSymposiumSoftware/umaine-machias.png"
          />
          <h4>
            36475226: Advancements In Human-robot Interaction For Assistive Technologies
          </h4>
          <span>
            <svg
              aria-hidden="true"
              class="MuiSvgIcon-root MuiSvgIcon-fontSizeMedium mr-[2px] css-1umw9bq-MuiSvgIcon-root"
              data-testid="PersonRoundedIcon"
              focusable="false"
              viewBox="0 0 24 24"
            >
              <path
                d="M12 12c2.21 0 4-1.79 4-4s-1.79-4-4-4-4 1.79-4 4 1.79 4 4 4m0 2c-2.67 0-8 1.34-8 4v1c0 .55.45 1 1 1h14c.55 0 1-.45 1-1v-1c0-2.66-5.33-4-8-4"
              />
            </svg>
            <h4
              class="author-link inline-block leading-[24px]"
            >
               
              Grace Nelson
            </h4>
          </span>
        </a>
        <a
          class="item"
          href="#/abstract/29014475"
        >
          <img
            alt="school logo"
            class="mt-5 p-[2px]"
            src="/StudentSymposiumSoftware/umaine-machias.png"
          />
          <h4>
            29014475: Machine Learning Approaches To Financial Fraud Detection
          </h4>
          <span>
            <svg
              aria-hidden="true"
              class="MuiSvgIcon-root MuiSvgIcon-fontSizeMedium mr-[2px] css-1umw9bq-MuiSvgIcon-root"
              data-testid="PersonRoundedIcon"
              focusable="false"
              viewBox="0 0 24 24"
            >
              <path
                d="M12 12c2.21 0 4-1.79 4-4s-1.79-4-4-4-4 1.79-4 4 1.79 4 4 4m0 2c-2.67 0-8 1.34-8 4v1c0 .55.45 1 1 1h14c.55 0 1-.45 1-1v-1c0-2.66-5.33-4-8-4"
              />
            </svg>
            <h4
              class="author-link inline-block leading-[24px]"
            >
               
              Scarlett Hernandez
            </h4>
          </span>
        </a>
        <a
          class="item"
          href="#/abstract/44667664"
        >
          <img
            alt="school logo"
            class="mt-5 p-[2px]"
            src="/StudentSymposiumSoftware/umaine-machias.png"
          />
          <h4>
            44667664: The Future Of Crispr In Gene Therapy
          </h4>
          <span>
            <svg
              aria-hidden="true"
              class="MuiSvgIcon-root MuiSvgIcon-fontSizeMedium mr-[2px] css-1umw9bq-MuiSvgIcon-root"
              data-testid="PersonRoundedIcon"
              focusable="false"
              viewBox="0 0 24 24"
            >
              <path
                d="M12 12c2.21 0 4-1.79 4-4s-1.79-4-4-4-4 1.79-4 4 1.79 4 4 4m0 2c-2.67 0-8 1.34-8 4v1c0 .55.45 1 1 1h14c.55 0 1-.45 1-1v-1c0-2.66-5.33-4-8-4"
              />
            </svg>
            <h4
              class="author-link inline-block leading-[24px]"
            >
               
              Maya Hernandez
            </h4>
          </span>
        </a>
        <a
          class="item"
          href="#/abstract/21709418"
        >
          <img
            alt="school logo"
            class="mt-5 p-[2px]"
            src="/StudentSymposiumSoftware/umaine-orono.png"
          />
          <h4>
            21709418: Analyzing The Impact Of Microplastics On Marine Ecosystems
          </h4>
          <span>
            <svg
              aria-hidden="true"
              class="MuiSvgIcon-root MuiSvgIcon-fontSizeMedium mr-[2px] css-1umw9bq-MuiSvgIcon-root"
              data-testid="PersonRoundedIcon"
              focusable="false"
              viewBox="0 0 24 24"
            >
              <path
                d="M12 12c2.21 0 4-1.79 4-4s-1.79-4-4-4-4 1.79-4 4 1.79 4 4 4m0 2c-2.67 0-8 1.34-8 4v1c0 .55.45 1 1 1h14c.55 0 1-.45 1-1v-1c0-2.66-5.33-4-8-4"
              />
            </svg>
            <h4
              class="author-link inline-block leading-[24px]"
            >
               
              Elijah Rivera
            </h4>
          </span>
        </a>
        <a
          class="item"
          href="#/abstract/45822327"
        >
          <img
            alt="school logo"
            class="mt-5 p-[2px]"
            src="/StudentSymposiumSoftware/umaine-machias.png"
          />
          <h4>
            45822327: Social Media Influence On Adolescent Mental Health
          </h4>
          <span>
            <svg
              aria-hidden="true"
              class="MuiSvgIcon-root MuiSvgIcon-fontSizeMedium mr-[2px] css-1umw9bq-MuiSvgIcon-root"
              data-testid="PersonRoundedIcon"
              focusable="false"
              viewBox="0 0 24 24"
            >
              <path
                d="M12 12c2.21 0 4-1.79 4-4s-1.79-4-4-4-4 1.79-4 4 1.79 4 4 4m0 2c-2.67 0-8 1.34-8 4v1c0 .55.45 1 1 1h14c.55 0 1-.45 1-1v-1c0-2.66-5.33-4-8-4"
              />
            </svg>
            <h4
              class="author-link inline-block leading-[24px]"
            >
               
              Liam Taylor
            </h4>
          </span>
        </a>
        <a
          class="item"
          href="#/abstract/75710656"
        >
          <img
            alt="school logo"
            class="mt-5 p-[2px]"
            src="/StudentSymposiumSoftware/umaine-orono.png"
          />
          <h4>
            75710656: The Impact Of Remote Work On Organizational Productivity
          </h4>
          <span>
            <svg
              aria-hidden="true"
              class="MuiSvgIcon-root MuiSvgIcon-fontSizeMedium mr-[2px] css-1umw9bq-MuiSvgIcon-root"
              data-testid="PersonRoundedIcon"
              focusable="false"
              viewBox="0 0 24 24"
            >
              <path
                d="M12 12c2.21 0 4-1.79 4-4s-1.79-4-4-4-4 1.79-4 4 1.79 4 4 4m0 2c-2.67 0-8 1.34-8 4v1c0 .55.45 1 1 1h14c.55 0 1-.45 1-1v-1c0-2.66-5.33-4-8-4"
              />
            </svg>
            <h4
              class="author-link inline-block leading-[24px]"
            >
               
              Mia Robinson
            </h4>
          </span>
        </a>
        <a
          class="item"
          href="#/abstract/39877467"
        >
          <img
            alt="school logo"
            class="mt-5 p-[2px]"
            src="/StudentSymposiumSoftware/umaine-orono.png"
          />
          <h4>
            39877467: Deep Learning For Medical Image Analysis
          </h4>
          <span>
            <svg
              aria-hidden="true"
              class="MuiSvgIcon-root MuiSvgIcon-fontSizeMedium mr-[2px] css-1umw9bq-MuiSvgIcon-root"
              data-testid="PersonRoundedIcon"
              focusable="false"
              viewBox="0 0 24 24"
            >
              <path
                d="M12 12c2.21 0 4-1.79 4-4s-1.79-4-4-4-4 1.79-4 4 1.79 4 4 4m0 2c-2.67 0-8 1.34-8 4v1c0 .55.45 1 1 1h14c.55 0 1-.45 1-1v-1c0-2.66-5.33-4-8-4"
              />
            </svg>
            <h4
              class="author-link inline-block leading-[24px]"
            >
               
              Evelyn Rodriguez
            </h4>
          </span>
        </a>
        <a
          class="item"
          href="#/abstract/74596190"
        >
          <img
            alt="school logo"
            class="mt-5 p-[2px]"
            src="/StudentSymposiumSoftware/umaine-orono.png"
          />
          <h4>
            74596190: Cultural Impacts On Language Evolution
          </h4>
          <span>
            <svg
              aria-hidden="true"
              class="MuiSvgIcon-root MuiSvgIcon-fontSizeMedium mr-[2px] css-1umw9bq-MuiSvgIcon-root"
              data-testid="PersonRoundedIcon"
              focusable="false"
              viewBox="0 0 24 24"
            >
              <path
                d="M12 12c2.21 0 4-1.79 4-4s-1.79-4-4-4-4 1.79-4 4 1.79 4 4 4m0 2c-2.67 0-8 1.34-8 4v1c0 .55.45 1 1 1h14c.55 0 1-.45 1-1v-1c0-2.66-5.33-4-8-4"
              />
            </svg>
            <h4
              class="author-link inline-block leading-[24px]"
            >
               
              Zoe Brown
            </h4>
          </span>
        </a>
        <a
          class="item"
          href="#/abstract/30556122"
        >
          <img
            alt="school logo"
            class="mt-5 p-[2px]"
            src="/StudentSymposiumSoftware/umaine-machias.png"
          />
          <h4>
            30556122: Advancements In Human-robot Interaction For Assistive Technologies
          </h4>
          <span>
            <svg
              aria-hidden="true"
              class="MuiSvgIcon-root MuiSvgIcon-fontSizeMedium mr-[2px] css-1umw9bq-MuiSvgIcon-root"
              data-testid="PersonRoundedIcon"
              focusable="false"
              viewBox="0 0 24 24"
            >
              <path
                d="M12 12c2.21 0 4-1.79 4-4s-1.79-4-4-4-4 1.79-4 4 1.79 4 4 4m0 2c-2.67 0-8 1.34-8 4v1c0 .55.45 1 1 1h14c.55 0 1-.45 1-1v-1c0-2.66-5.33-4-8-4"
              />
            </svg>
            <h4
              class="author-link inline-block leading-[24px]"
            >
               
              Sophie Thomas
            </h4>
          </span>
        </a>
        <a
          class="item"
          href="#/abstract/75180428"
        >
          <img
            alt="school logo"
            class="mt-5 p-[2px]"
            src="/StudentSymposiumSoftware/umaine-orono.png"
          />
          <h4>
            75180428: Advancements In Human-robot Interaction For Assistive Technologies
          </h4>
          <span>
            <svg
              aria-hidden="true"
              class="MuiSvgIcon-root MuiSvgIcon-fontSizeMedium mr-[2px] css-1umw9bq-MuiSvgIcon-root"
              data-testid="PersonRoundedIcon"
              focusable="false"
              viewBox="0 0 24 24"
            >
              <path
                d="M12 12c2.21 0 4-1.79 4-4s-1.79-4-4-4-4 1.79-4 4 1.79 4 4 4m0 2c-2.67 0-8 1.34-8 4v1c0 .55.45 1 1 1h14c.55 0 1-.45 1-1v-1c0-2.66-5.33-4-8-4"
              />
            </svg>
            <h4
              class="author-link inline-block leading-[24px]"
            >
               
              Maya Mitchell
            </h4>
          </span>
        </a>
        <a
          class="item"
          href="#/abstract/82398661"
        >
          <img
            alt="school logo"
            class="mt-5 p-[2px]"
            src="/StudentSymposiumSoftware/umaine-orono.png"
          />
          <h4>
            82398661: Analyzing The Impact Of Microplastics On Marine Ecosystems
          </h4>
          <span>
            <svg
              aria-hidden="true"
              class="MuiSvgIcon-root MuiSvgIcon-fontSizeMedium mr-[2px] css-1umw9bq-MuiSvgIcon-root"
              data-testid="PersonRoundedIcon"
              focusable="false"
              viewBox="0 0 24 24"
            >
              <path
                d="M12 12c2.21 0 4-1.79 4-4s-1.79-4-4-4-4 1.79-4 4 1.79 4 4 4m0 2c-2.67 0-8 1.34-8 4v1c0 .55.45 1 1 1h14c.55 0 1-.45 1-1v-1c0-2.66-5.33-4-8-4"
              />
            </svg>
            <h4
              class="author-link inline-block leading-[24px]"
            >
               
              Jack Anderson
            </h4>
          </span>
        </a>
        <a
          class="item"
          href="#/abstract/82398661"
        >
          <img
            alt="school logo"
            class="mt-5 p-[2px]"
            src="/StudentSymposiumSoftware/umaine-orono.png"
          />
          <h4>
            82398661: Analyzing The Impact Of Microplastics On Marine Ecosystems
          </h4>
          <span>
            <svg
              aria-hidden="true"
              class="MuiSvgIcon-root MuiSvgIcon-fontSizeMedium mr-[2px] css-1umw9bq-MuiSvgIcon-root"
              data-testid="PersonRoundedIcon"
              focusable="false"
              viewBox="0 0 24 24"
            >
              <path
                d="M12 12c2.21 0 4-1.79 4-4s-1.79-4-4-4-4 1.79-4 4 1.79 4 4 4m0 2c-2.67 0-8 1.34-8 4v1c0 .55.45 1 1 1h14c.55 0 1-.45 1-1v-1c0-2.66-5.33-4-8-4"
              />
            </svg>
            <h4
              class="author-link inline-block leading-[24px]"
            >
               
              Harper Rodriguez
            </h4>
          </span>
        </a>
      </div>
    </div>
  </body>,
  "container": <div>
    <div
      class="grid-container"
    >
      <a
        class="item"
        href="#/abstract/38893888"
      >
        <img
          alt="school logo"
          class="mt-5 p-[2px]"
          src="/StudentSymposiumSoftware/umaine-machias.png"
        />
        <h4>
          38893888: Machine Learning Approaches To Financial Fraud Detection
        </h4>
        <span>
          <svg
            aria-hidden="true"
            class="MuiSvgIcon-root MuiSvgIcon-fontSizeMedium mr-[2px] css-1umw9bq-MuiSvgIcon-root"
            data-testid="PersonRoundedIcon"
            focusable="false"
            viewBox="0 0 24 24"
          >
            <path
              d="M12 12c2.21 0 4-1.79 4-4s-1.79-4-4-4-4 1.79-4 4 1.79 4 4 4m0 2c-2.67 0-8 1.34-8 4v1c0 .55.45 1 1 1h14c.55 0 1-.45 1-1v-1c0-2.66-5.33-4-8-4"
            />
          </svg>
          <h4
            class="author-link inline-block leading-[24px]"
          >
             
            Elijah Smith
          </h4>
        </span>
      </a>
      <a
        class="item"
        href="#/abstract/75957852"
      >
        <img
          alt="school logo"
          class="mt-5 p-[2px]"
          src="/StudentSymposiumSoftware/umaine-machias.png"
        />
        <h4>
          75957852: The Psychology Of Decision-making In Uncertain Environments
        </h4>
        <span>
          <svg
            aria-hidden="true"
            class="MuiSvgIcon-root MuiSvgIcon-fontSizeMedium mr-[2px] css-1umw9bq-MuiSvgIcon-root"
            data-testid="PersonRoundedIcon"
            focusable="false"
            viewBox="0 0 24 24"
          >
            <path
              d="M12 12c2.21 0 4-1.79 4-4s-1.79-4-4-4-4 1.79-4 4 1.79 4 4 4m0 2c-2.67 0-8 1.34-8 4v1c0 .55.45 1 1 1h14c.55 0 1-.45 1-1v-1c0-2.66-5.33-4-8-4"
            />
          </svg>
          <h4
            class="author-link inline-block leading-[24px]"
          >
             
            Sophia Campbell
          </h4>
        </span>
      </a>
      <a
        class="item"
        href="#/abstract/48203955"
      >
        <img
          alt="school logo"
          class="mt-5 p-[2px]"
          src="/StudentSymposiumSoftware/umaine-machias.png"
        />
        <h4>
          48203955: The Sociology Of Online Communities In The Digital Age
        </h4>
        <span>
          <svg
            aria-hidden="true"
            class="MuiSvgIcon-root MuiSvgIcon-fontSizeMedium mr-[2px] css-1umw9bq-MuiSvgIcon-root"
            data-testid="PersonRoundedIcon"
            focusable="false"
            viewBox="0 0 24 24"
          >
            <path
              d="M12 12c2.21 0 4-1.79 4-4s-1.79-4-4-4-4 1.79-4 4 1.79 4 4 4m0 2c-2.67 0-8 1.34-8 4v1c0 .55.45 1 1 1h14c.55 0 1-.45 1-1v-1c0-2.66-5.33-4-8-4"
            />
          </svg>
          <h4
            class="author-link inline-block leading-[24px]"
          >
             
            Lucy Martinez
          </h4>
        </span>
      </a>
      <a
        class="item"
        href="#/abstract/64568884"
      >
        <img
          alt="school logo"
          class="mt-5 p-[2px]"
          src="/StudentSymposiumSoftware/umaine-machias.png"
        />
        <h4>
          64568884: Advancements In Human-robot Interaction For Assistive Technologies
        </h4>
        <span>
          <svg
            aria-hidden="true"
            class="MuiSvgIcon-root MuiSvgIcon-fontSizeMedium mr-[2px] css-1umw9bq-MuiSvgIcon-root"
            data-testid="PersonRoundedIcon"
            focusable="false"
            viewBox="0 0 24 24"
          >
            <path
              d="M12 12c2.21 0 4-1.79 4-4s-1.79-4-4-4-4 1.79-4 4 1.79 4 4 4m0 2c-2.67 0-8 1.34-8 4v1c0 .55.45 1 1 1h14c.55 0 1-.45 1-1v-1c0-2.66-5.33-4-8-4"
            />
          </svg>
          <h4
            class="author-link inline-block leading-[24px]"
          >
             
            Zoe Jackson
          </h4>
        </span>
      </a>
      <a
        class="item"
        href="#/abstract/40679302"
      >
        <img
          alt="school logo"
          class="mt-5 p-[2px]"
          src="/StudentSymposiumSoftware/umaine-machias.png"
        />
        <h4>
          40679302: Blockchain Technology In Supply Chain Transparency
        </h4>
        <span>
          <svg
            aria-hidden="true"
            class="MuiSvgIcon-root MuiSvgIcon-fontSizeMedium mr-[2px] css-1umw9bq-MuiSvgIcon-root"
            data-testid="PersonRoundedIcon"
            focusable="false"
            viewBox="0 0 24 24"
          >
            <path
              d="M12 12c2.21 0 4-1.79 4-4s-1.79-4-4-4-4 1.79-4 4 1.79 4 4 4m0 2c-2.67 0-8 1.34-8 4v1c0 .55.45 1 1 1h14c.55 0 1-.45 1-1v-1c0-2.66-5.33-4-8-4"
            />
          </svg>
          <h4
            class="author-link inline-block leading-[24px]"
          >
             
            Noah King
          </h4>
        </span>
      </a>
      <a
        class="item"
        href="#/abstract/37625940"
      >
        <img
          alt="school logo"
          class="mt-5 p-[2px]"
          src="/StudentSymposiumSoftware/umaine-orono.png"
        />
        <h4>
          37625940: Advancements In Human-robot Interaction For Assistive Technologies
        </h4>
        <span>
          <svg
            aria-hidden="true"
            class="MuiSvgIcon-root MuiSvgIcon-fontSizeMedium mr-[2px] css-1umw9bq-MuiSvgIcon-root"
            data-testid="PersonRoundedIcon"
            focusable="false"
            viewBox="0 0 24 24"
          >
            <path
              d="M12 12c2.21 0 4-1.79 4-4s-1.79-4-4-4-4 1.79-4 4 1.79 4 4 4m0 2c-2.67 0-8 1.34-8 4v1c0 .55.45 1 1 1h14c.55 0 1-.45 1-1v-1c0-2.66-5.33-4-8-4"
            />
          </svg>
          <h4
            class="author-link inline-block leading-[24px]"
          >
             
            Joseph Baker
          </h4>
        </span>
      </a>
      <a
        class="item"
        href="#/abstract/35716422"
      >
        <img
          alt="school logo"
          class="mt-5 p-[2px]"
          src="/StudentSymposiumSoftware/umaine-machias.png"
        />
        <h4>
          35716422: Climate Change And Its Effects On Global Food Security
        </h4>
        <span>
          <svg
            aria-hidden="true"
            class="MuiSvgIcon-root MuiSvgIcon-fontSizeMedium mr-[2px] css-1umw9bq-MuiSvgIcon-root"
            data-testid="PersonRoundedIcon"
            focusable="false"
            viewBox="0 0 24 24"
          >
            <path
              d="M12 12c2.21 0 4-1.79 4-4s-1.79-4-4-4-4 1.79-4 4 1.79 4 4 4m0 2c-2.67 0-8 1.34-8 4v1c0 .55.45 1 1 1h14c.55 0 1-.45 1-1v-1c0-2.66-5.33-4-8-4"
            />
          </svg>
          <h4
            class="author-link inline-block leading-[24px]"
          >
             
            Ava Rodriguez
          </h4>
        </span>
      </a>
      <a
        class="item"
        href="#/abstract/82413071"
      >
        <img
          alt="school logo"
          class="mt-5 p-[2px]"
          src="/StudentSymposiumSoftware/umaine-machias.png"
        />
        <h4>
          82413071: The Psychology Of Decision-making In Uncertain Environments
        </h4>
        <span>
          <svg
            aria-hidden="true"
            class="MuiSvgIcon-root MuiSvgIcon-fontSizeMedium mr-[2px] css-1umw9bq-MuiSvgIcon-root"
            data-testid="PersonRoundedIcon"
            focusable="false"
            viewBox="0 0 24 24"
          >
            <path
              d="M12 12c2.21 0 4-1.79 4-4s-1.79-4-4-4-4 1.79-4 4 1.79 4 4 4m0 2c-2.67 0-8 1.34-8 4v1c0 .55.45 1 1 1h14c.55 0 1-.45 1-1v-1c0-2.66-5.33-4-8-4"
            />
          </svg>
          <h4
            class="author-link inline-block leading-[24px]"
          >
             
            Henry Adams
          </h4>
        </span>
      </a>
      <a
        class="item"
        href="#/abstract/27882383"
      >
        <img
          alt="school logo"
          class="mt-5 p-[2px]"
          src="/StudentSymposiumSoftware/umaine-orono.png"
        />
        <h4>
          27882383: Machine Learning Approaches To Financial Fraud Detection
        </h4>
        <span>
          <svg
            aria-hidden="true"
            class="MuiSvgIcon-root MuiSvgIcon-fontSizeMedium mr-[2px] css-1umw9bq-MuiSvgIcon-root"
            data-testid="PersonRoundedIcon"
            focusable="false"
            viewBox="0 0 24 24"
          >
            <path
              d="M12 12c2.21 0 4-1.79 4-4s-1.79-4-4-4-4 1.79-4 4 1.79 4 4 4m0 2c-2.67 0-8 1.34-8 4v1c0 .55.45 1 1 1h14c.55 0 1-.45 1-1v-1c0-2.66-5.33-4-8-4"
            />
          </svg>
          <h4
            class="author-link inline-block leading-[24px]"
          >
             
            Mason Hernandez
          </h4>
        </span>
      </a>
      <a
        class="item"
        href="#/abstract/92969314"
      >
        <img
          alt="school logo"
          class="mt-5 p-[2px]"
          src="/StudentSymposiumSoftware/umaine-orono.png"
        />
        <h4>
          92969314: Machine Learning Approaches To Financial Fraud Detection
        </h4>
        <span>
          <svg
            aria-hidden="true"
            class="MuiSvgIcon-root MuiSvgIcon-fontSizeMedium mr-[2px] css-1umw9bq-MuiSvgIcon-root"
            data-testid="PersonRoundedIcon"
            focusable="false"
            viewBox="0 0 24 24"
          >
            <path
              d="M12 12c2.21 0 4-1.79 4-4s-1.79-4-4-4-4 1.79-4 4 1.79 4 4 4m0 2c-2.67 0-8 1.34-8 4v1c0 .55.45 1 1 1h14c.55 0 1-.45 1-1v-1c0-2.66-5.33-4-8-4"
            />
          </svg>
          <h4
            class="author-link inline-block leading-[24px]"
          >
             
            Emma Taylor
          </h4>
        </span>
      </a>
      <a
        class="item"
        href="#/abstract/29718536"
      >
        <img
          alt="school logo"
          class="mt-5 p-[2px]"
          src="/StudentSymposiumSoftware/umaine-machias.png"
        />
        <h4>
          29718536: The Role Of Citizen Science In Biodiversity Conservation
        </h4>
        <span>
          <svg
            aria-hidden="true"
            class="MuiSvgIcon-root MuiSvgIcon-fontSizeMedium mr-[2px] css-1umw9bq-MuiSvgIcon-root"
            data-testid="PersonRoundedIcon"
            focusable="false"
            viewBox="0 0 24 24"
          >
            <path
              d="M12 12c2.21 0 4-1.79 4-4s-1.79-4-4-4-4 1.79-4 4 1.79 4 4 4m0 2c-2.67 0-8 1.34-8 4v1c0 .55.45 1 1 1h14c.55 0 1-.45 1-1v-1c0-2.66-5.33-4-8-4"
            />
          </svg>
          <h4
            class="author-link inline-block leading-[24px]"
          >
             
            Aurora Martinez
          </h4>
        </span>
      </a>
      <a
        class="item"
        href="#/abstract/1457768"
      >
        <img
          alt="school logo"
          class="mt-5 p-[2px]"
          src="/StudentSymposiumSoftware/umaine-orono.png"
        />
        <h4>
          1457768: The Role Of Citizen Science In Biodiversity Conservation
        </h4>
        <span>
          <svg
            aria-hidden="true"
            class="MuiSvgIcon-root MuiSvgIcon-fontSizeMedium mr-[2px] css-1umw9bq-MuiSvgIcon-root"
            data-testid="PersonRoundedIcon"
            focusable="false"
            viewBox="0 0 24 24"
          >
            <path
              d="M12 12c2.21 0 4-1.79 4-4s-1.79-4-4-4-4 1.79-4 4 1.79 4 4 4m0 2c-2.67 0-8 1.34-8 4v1c0 .55.45 1 1 1h14c.55 0 1-.45 1-1v-1c0-2.66-5.33-4-8-4"
            />
          </svg>
          <h4
            class="author-link inline-block leading-[24px]"
          >
             
            Lucas Robinson
          </h4>
        </span>
      </a>
      <a
        class="item"
        href="#/abstract/14148682"
      >
        <img
          alt="school logo"
          class="mt-5 p-[2px]"
          src="/StudentSymposiumSoftware/umaine-orono.png"
        />
        <h4>
          14148682: Blockchain Technology In Supply Chain Transparency
        </h4>
        <span>
          <svg
            aria-hidden="true"
            class="MuiSvgIcon-root MuiSvgIcon-fontSizeMedium mr-[2px] css-1umw9bq-MuiSvgIcon-root"
            data-testid="PersonRoundedIcon"
            focusable="false"
            viewBox="0 0 24 24"
          >
            <path
              d="M12 12c2.21 0 4-1.79 4-4s-1.79-4-4-4-4 1.79-4 4 1.79 4 4 4m0 2c-2.67 0-8 1.34-8 4v1c0 .55.45 1 1 1h14c.55 0 1-.45 1-1v-1c0-2.66-5.33-4-8-4"
            />
          </svg>
          <h4
            class="author-link inline-block leading-[24px]"
          >
             
            Chloe Adams
          </h4>
        </span>
      </a>
      <a
        class="item"
        href="#/abstract/60454722"
      >
        <img
          alt="school logo"
          class="mt-5 p-[2px]"
          src="/StudentSymposiumSoftware/umaine-orono.png"
        />
        <h4>
          60454722: Exploring The Feasibility Of Space-based Solar Power
        </h4>
        <span>
          <svg
            aria-hidden="true"
            class="MuiSvgIcon-root MuiSvgIcon-fontSizeMedium mr-[2px] css-1umw9bq-MuiSvgIcon-root"
            data-testid="PersonRoundedIcon"
            focusable="false"
            viewBox="0 0 24 24"
          >
            <path
              d="M12 12c2.21 0 4-1.79 4-4s-1.79-4-4-4-4 1.79-4 4 1.79 4 4 4m0 2c-2.67 0-8 1.34-8 4v1c0 .55.45 1 1 1h14c.55 0 1-.45 1-1v-1c0-2.66-5.33-4-8-4"
            />
          </svg>
          <h4
            class="author-link inline-block leading-[24px]"
          >
             
            Layla Young
          </h4>
        </span>
      </a>
      <a
        class="item"
        href="#/abstract/41498009"
      >
        <img
          alt="school logo"
          class="mt-5 p-[2px]"
          src="/StudentSymposiumSoftware/umaine-machias.png"
        />
        <h4>
          41498009: Social Media Influence On Adolescent Mental Health
        </h4>
        <span>
          <svg
            aria-hidden="true"
            class="MuiSvgIcon-root MuiSvgIcon-fontSizeMedium mr-[2px] css-1umw9bq-MuiSvgIcon-root"
            data-testid="PersonRoundedIcon"
            focusable="false"
            viewBox="0 0 24 24"
          >
            <path
              d="M12 12c2.21 0 4-1.79 4-4s-1.79-4-4-4-4 1.79-4 4 1.79 4 4 4m0 2c-2.67 0-8 1.34-8 4v1c0 .55.45 1 1 1h14c.55 0 1-.45 1-1v-1c0-2.66-5.33-4-8-4"
            />
          </svg>
          <h4
            class="author-link inline-block leading-[24px]"
          >
             
            Alexander Hall
          </h4>
        </span>
      </a>
      <a
        class="item"
        href="#/abstract/23333306"
      >
        <img
          alt="school logo"
          class="mt-5 p-[2px]"
          src="/StudentSymposiumSoftware/umaine-orono.png"
        />
        <h4>
          23333306: Analyzing The Impact Of Microplastics On Marine Ecosystems
        </h4>
        <span>
          <svg
            aria-hidden="true"
            class="MuiSvgIcon-root MuiSvgIcon-fontSizeMedium mr-[2px] css-1umw9bq-MuiSvgIcon-root"
            data-testid="PersonRoundedIcon"
            focusable="false"
            viewBox="0 0 24 24"
          >
            <path
              d="M12 12c2.21 0 4-1.79 4-4s-1.79-4-4-4-4 1.79-4 4 1.79 4 4 4m0 2c-2.67 0-8 1.34-8 4v1c0 .55.45 1 1 1h14c.55 0 1-.45 1-1v-1c0-2.66-5.33-4-8-4"
            />
          </svg>
          <h4
            class="author-link inline-block leading-[24px]"
          >
             
            Zoe Young
          </h4>
        </span>
      </a>
      <a
        class="item"
        href="#/abstract/97656877"
      >
        <img
          alt="school logo"
          class="mt-5 p-[2px]"
          src="/StudentSymposiumSoftware/umaine-machias.png"
        />
        <h4>
          97656877: Cultural Impacts On Language Evolution
        </h4>
        <span>
          <svg
            aria-hidden="true"
            class="MuiSvgIcon-root MuiSvgIcon-fontSizeMedium mr-[2px] css-1umw9bq-MuiSvgIcon-root"
            data-testid="PersonRoundedIcon"
            focusable="false"
            viewBox="0 0 24 24"
          >
            <path
              d="M12 12c2.21 0 4-1.79 4-4s-1.79-4-4-4-4 1.79-4 4 1.79 4 4 4m0 2c-2.67 0-8 1.34-8 4v1c0 .55.45 1 1 1h14c.55 0 1-.45 1-1v-1c0-2.66-5.33-4-8-4"
            />
          </svg>
          <h4
            class="author-link inline-block leading-[24px]"
          >
             
            Mason Clark
          </h4>
        </span>
      </a>
      <a
        class="item"
        href="#/abstract/91417686"
      >
        <img
          alt="school logo"
          class="mt-5 p-[2px]"
          src="/StudentSymposiumSoftware/umaine-machias.png"
        />
        <h4>
          91417686: Social Media Influence On Adolescent Mental Health
        </h4>
        <span>
          <svg
            aria-hidden="true"
            class="MuiSvgIcon-root MuiSvgIcon-fontSizeMedium mr-[2px] css-1umw9bq-MuiSvgIcon-root"
            data-testid="PersonRoundedIcon"
            focusable="false"
            viewBox="0 0 24 24"
          >
            <path
              d="M12 12c2.21 0 4-1.79 4-4s-1.79-4-4-4-4 1.79-4 4 1.79 4 4 4m0 2c-2.67 0-8 1.34-8 4v1c0 .55.45 1 1 1h14c.55 0 1-.45 1-1v-1c0-2.66-5.33-4-8-4"
            />
          </svg>
          <h4
            class="author-link inline-block leading-[24px]"
          >
             
            Henry Hall
          </h4>
        </span>
      </a>
      <a
        class="item"
        href="#/abstract/4887031"
      >
        <img
          alt="school logo"
          class="mt-5 p-[2px]"
          src="/StudentSymposiumSoftware/umaine-machias.png"
        />
        <h4>
          4887031: Advancements In Human-robot Interaction For Assistive Technologies
        </h4>
        <span>
          <svg
            aria-hidden="true"
            class="MuiSvgIcon-root MuiSvgIcon-fontSizeMedium mr-[2px] css-1umw9bq-MuiSvgIcon-root"
            data-testid="PersonRoundedIcon"
            focusable="false"
            viewBox="0 0 24 24"
          >
            <path
              d="M12 12c2.21 0 4-1.79 4-4s-1.79-4-4-4-4 1.79-4 4 1.79 4 4 4m0 2c-2.67 0-8 1.34-8 4v1c0 .55.45 1 1 1h14c.55 0 1-.45 1-1v-1c0-2.66-5.33-4-8-4"
            />
          </svg>
          <h4
            class="author-link inline-block leading-[24px]"
          >
             
            Samuel Scott
          </h4>
        </span>
      </a>
      <a
        class="item"
        href="#/abstract/36475226"
      >
        <img
          alt="school logo"
          class="mt-5 p-[2px]"
          src="/StudentSymposiumSoftware/umaine-machias.png"
        />
        <h4>
          36475226: Advancements In Human-robot Interaction For Assistive Technologies
        </h4>
        <span>
          <svg
            aria-hidden="true"
            class="MuiSvgIcon-root MuiSvgIcon-fontSizeMedium mr-[2px] css-1umw9bq-MuiSvgIcon-root"
            data-testid="PersonRoundedIcon"
            focusable="false"
            viewBox="0 0 24 24"
          >
            <path
              d="M12 12c2.21 0 4-1.79 4-4s-1.79-4-4-4-4 1.79-4 4 1.79 4 4 4m0 2c-2.67 0-8 1.34-8 4v1c0 .55.45 1 1 1h14c.55 0 1-.45 1-1v-1c0-2.66-5.33-4-8-4"
            />
          </svg>
          <h4
            class="author-link inline-block leading-[24px]"
          >
             
            Grace Nelson
          </h4>
        </span>
      </a>
      <a
        class="item"
        href="#/abstract/29014475"
      >
        <img
          alt="school logo"
          class="mt-5 p-[2px]"
          src="/StudentSymposiumSoftware/umaine-machias.png"
        />
        <h4>
          29014475: Machine Learning Approaches To Financial Fraud Detection
        </h4>
        <span>
          <svg
            aria-hidden="true"
            class="MuiSvgIcon-root MuiSvgIcon-fontSizeMedium mr-[2px] css-1umw9bq-MuiSvgIcon-root"
            data-testid="PersonRoundedIcon"
            focusable="false"
            viewBox="0 0 24 24"
          >
            <path
              d="M12 12c2.21 0 4-1.79 4-4s-1.79-4-4-4-4 1.79-4 4 1.79 4 4 4m0 2c-2.67 0-8 1.34-8 4v1c0 .55.45 1 1 1h14c.55 0 1-.45 1-1v-1c0-2.66-5.33-4-8-4"
            />
          </svg>
          <h4
            class="author-link inline-block leading-[24px]"
          >
             
            Scarlett Hernandez
          </h4>
        </span>
      </a>
      <a
        class="item"
        href="#/abstract/44667664"
      >
        <img
          alt="school logo"
          class="mt-5 p-[2px]"
          src="/StudentSymposiumSoftware/umaine-machias.png"
        />
        <h4>
          44667664: The Future Of Crispr In Gene Therapy
        </h4>
        <span>
          <svg
            aria-hidden="true"
            class="MuiSvgIcon-root MuiSvgIcon-fontSizeMedium mr-[2px] css-1umw9bq-MuiSvgIcon-root"
            data-testid="PersonRoundedIcon"
            focusable="false"
            viewBox="0 0 24 24"
          >
            <path
              d="M12 12c2.21 0 4-1.79 4-4s-1.79-4-4-4-4 1.79-4 4 1.79 4 4 4m0 2c-2.67 0-8 1.34-8 4v1c0 .55.45 1 1 1h14c.55 0 1-.45 1-1v-1c0-2.66-5.33-4-8-4"
            />
          </svg>
          <h4
            class="author-link inline-block leading-[24px]"
          >
             
            Maya Hernandez
          </h4>
        </span>
      </a>
      <a
        class="item"
        href="#/abstract/21709418"
      >
        <img
          alt="school logo"
          class="mt-5 p-[2px]"
          src="/StudentSymposiumSoftware/umaine-orono.png"
        />
        <h4>
          21709418: Analyzing The Impact Of Microplastics On Marine Ecosystems
        </h4>
        <span>
          <svg
            aria-hidden="true"
            class="MuiSvgIcon-root MuiSvgIcon-fontSizeMedium mr-[2px] css-1umw9bq-MuiSvgIcon-root"
            data-testid="PersonRoundedIcon"
            focusable="false"
            viewBox="0 0 24 24"
          >
            <path
              d="M12 12c2.21 0 4-1.79 4-4s-1.79-4-4-4-4 1.79-4 4 1.79 4 4 4m0 2c-2.67 0-8 1.34-8 4v1c0 .55.45 1 1 1h14c.55 0 1-.45 1-1v-1c0-2.66-5.33-4-8-4"
            />
          </svg>
          <h4
            class="author-link inline-block leading-[24px]"
          >
             
            Elijah Rivera
          </h4>
        </span>
      </a>
      <a
        class="item"
        href="#/abstract/45822327"
      >
        <img
          alt="school logo"
          class="mt-5 p-[2px]"
          src="/StudentSymposiumSoftware/umaine-machias.png"
        />
        <h4>
          45822327: Social Media Influence On Adolescent Mental Health
        </h4>
        <span>
          <svg
            aria-hidden="true"
            class="MuiSvgIcon-root MuiSvgIcon-fontSizeMedium mr-[2px] css-1umw9bq-MuiSvgIcon-root"
            data-testid="PersonRoundedIcon"
            focusable="false"
            viewBox="0 0 24 24"
          >
            <path
              d="M12 12c2.21 0 4-1.79 4-4s-1.79-4-4-4-4 1.79-4 4 1.79 4 4 4m0 2c-2.67 0-8 1.34-8 4v1c0 .55.45 1 1 1h14c.55 0 1-.45 1-1v-1c0-2.66-5.33-4-8-4"
            />
          </svg>
          <h4
            class="author-link inline-block leading-[24px]"
          >
             
            Liam Taylor
          </h4>
        </span>
      </a>
      <a
        class="item"
        href="#/abstract/75710656"
      >
        <img
          alt="school logo"
          class="mt-5 p-[2px]"
          src="/StudentSymposiumSoftware/umaine-orono.png"
        />
        <h4>
          75710656: The Impact Of Remote Work On Organizational Productivity
        </h4>
        <span>
          <svg
            aria-hidden="true"
            class="MuiSvgIcon-root MuiSvgIcon-fontSizeMedium mr-[2px] css-1umw9bq-MuiSvgIcon-root"
            data-testid="PersonRoundedIcon"
            focusable="false"
            viewBox="0 0 24 24"
          >
            <path
              d="M12 12c2.21 0 4-1.79 4-4s-1.79-4-4-4-4 1.79-4 4 1.79 4 4 4m0 2c-2.67 0-8 1.34-8 4v1c0 .55.45 1 1 1h14c.55 0 1-.45 1-1v-1c0-2.66-5.33-4-8-4"
            />
          </svg>
          <h4
            class="author-link inline-block leading-[24px]"
          >
             
            Mia Robinson
          </h4>
        </span>
      </a>
      <a
        class="item"
        href="#/abstract/39877467"
      >
        <img
          alt="school logo"
          class="mt-5 p-[2px]"
          src="/StudentSymposiumSoftware/umaine-orono.png"
        />
        <h4>
          39877467: Deep Learning For Medical Image Analysis
        </h4>
        <span>
          <svg
            aria-hidden="true"
            class="MuiSvgIcon-root MuiSvgIcon-fontSizeMedium mr-[2px] css-1umw9bq-MuiSvgIcon-root"
            data-testid="PersonRoundedIcon"
            focusable="false"
            viewBox="0 0 24 24"
          >
            <path
              d="M12 12c2.21 0 4-1.79 4-4s-1.79-4-4-4-4 1.79-4 4 1.79 4 4 4m0 2c-2.67 0-8 1.34-8 4v1c0 .55.45 1 1 1h14c.55 0 1-.45 1-1v-1c0-2.66-5.33-4-8-4"
            />
          </svg>
          <h4
            class="author-link inline-block leading-[24px]"
          >
             
            Evelyn Rodriguez
          </h4>
        </span>
      </a>
      <a
        class="item"
        href="#/abstract/74596190"
      >
        <img
          alt="school logo"
          class="mt-5 p-[2px]"
          src="/StudentSymposiumSoftware/umaine-orono.png"
        />
        <h4>
          74596190: Cultural Impacts On Language Evolution
        </h4>
        <span>
          <svg
            aria-hidden="true"
            class="MuiSvgIcon-root MuiSvgIcon-fontSizeMedium mr-[2px] css-1umw9bq-MuiSvgIcon-root"
            data-testid="PersonRoundedIcon"
            focusable="false"
            viewBox="0 0 24 24"
          >
            <path
              d="M12 12c2.21 0 4-1.79 4-4s-1.79-4-4-4-4 1.79-4 4 1.79 4 4 4m0 2c-2.67 0-8 1.34-8 4v1c0 .55.45 1 1 1h14c.55 0 1-.45 1-1v-1c0-2.66-5.33-4-8-4"
            />
          </svg>
          <h4
            class="author-link inline-block leading-[24px]"
          >
             
            Zoe Brown
          </h4>
        </span>
      </a>
      <a
        class="item"
        href="#/abstract/30556122"
      >
        <img
          alt="school logo"
          class="mt-5 p-[2px]"
          src="/StudentSymposiumSoftware/umaine-machias.png"
        />
        <h4>
          30556122: Advancements In Human-robot Interaction For Assistive Technologies
        </h4>
        <span>
          <svg
            aria-hidden="true"
            class="MuiSvgIcon-root MuiSvgIcon-fontSizeMedium mr-[2px] css-1umw9bq-MuiSvgIcon-root"
            data-testid="PersonRoundedIcon"
            focusable="false"
            viewBox="0 0 24 24"
          >
            <path
              d="M12 12c2.21 0 4-1.79 4-4s-1.79-4-4-4-4 1.79-4 4 1.79 4 4 4m0 2c-2.67 0-8 1.34-8 4v1c0 .55.45 1 1 1h14c.55 0 1-.45 1-1v-1c0-2.66-5.33-4-8-4"
            />
          </svg>
          <h4
            class="author-link inline-block leading-[24px]"
          >
             
            Sophie Thomas
          </h4>
        </span>
      </a>
      <a
        class="item"
        href="#/abstract/75180428"
      >
        <img
          alt="school logo"
          class="mt-5 p-[2px]"
          src="/StudentSymposiumSoftware/umaine-orono.png"
        />
        <h4>
          75180428: Advancements In Human-robot Interaction For Assistive Technologies
        </h4>
        <span>
          <svg
            aria-hidden="true"
            class="MuiSvgIcon-root MuiSvgIcon-fontSizeMedium mr-[2px] css-1umw9bq-MuiSvgIcon-root"
            data-testid="PersonRoundedIcon"
            focusable="false"
            viewBox="0 0 24 24"
          >
            <path
              d="M12 12c2.21 0 4-1.79 4-4s-1.79-4-4-4-4 1.79-4 4 1.79 4 4 4m0 2c-2.67 0-8 1.34-8 4v1c0 .55.45 1 1 1h14c.55 0 1-.45 1-1v-1c0-2.66-5.33-4-8-4"
            />
          </svg>
          <h4
            class="author-link inline-block leading-[24px]"
          >
             
            Maya Mitchell
          </h4>
        </span>
      </a>
      <a
        class="item"
        href="#/abstract/82398661"
      >
        <img
          alt="school logo"
          class="mt-5 p-[2px]"
          src="/StudentSymposiumSoftware/umaine-orono.png"
        />
        <h4>
          82398661: Analyzing The Impact Of Microplastics On Marine Ecosystems
        </h4>
        <span>
          <svg
            aria-hidden="true"
            class="MuiSvgIcon-root MuiSvgIcon-fontSizeMedium mr-[2px] css-1umw9bq-MuiSvgIcon-root"
            data-testid="PersonRoundedIcon"
            focusable="false"
            viewBox="0 0 24 24"
          >
            <path
              d="M12 12c2.21 0 4-1.79 4-4s-1.79-4-4-4-4 1.79-4 4 1.79 4 4 4m0 2c-2.67 0-8 1.34-8 4v1c0 .55.45 1 1 1h14c.55 0 1-.45 1-1v-1c0-2.66-5.33-4-8-4"
            />
          </svg>
          <h4
            class="author-link inline-block leading-[24px]"
          >
             
            Jack Anderson
          </h4>
        </span>
      </a>
      <a
        class="item"
        href="#/abstract/82398661"
      >
        <img
          alt="school logo"
          class="mt-5 p-[2px]"
          src="/StudentSymposiumSoftware/umaine-orono.png"
        />
        <h4>
          82398661: Analyzing The Impact Of Microplastics On Marine Ecosystems
        </h4>
        <span>
          <svg
            aria-hidden="true"
            class="MuiSvgIcon-root MuiSvgIcon-fontSizeMedium mr-[2px] css-1umw9bq-MuiSvgIcon-root"
            data-testid="PersonRoundedIcon"
            focusable="false"
            viewBox="0 0 24 24"
          >
            <path
              d="M12 12c2.21 0 4-1.79 4-4s-1.79-4-4-4-4 1.79-4 4 1.79 4 4 4m0 2c-2.67 0-8 1.34-8 4v1c0 .55.45 1 1 1h14c.55 0 1-.45 1-1v-1c0-2.66-5.33-4-8-4"
            />
          </svg>
          <h4
            class="author-link inline-block leading-[24px]"
          >
             
            Harper Rodriguez
          </h4>
        </span>
      </a>
    </div>
  </div>,
  "debug": [Function],
  "findAllByAltText": [Function],
  "findAllByDisplayValue": [Function],
  "findAllByLabelText": [Function],
  "findAllByPlaceholderText": [Function],
  "findAllByRole": [Function],
  "findAllByTestId": [Function],
  "findAllByText": [Function],
  "findAllByTitle": [Function],
  "findByAltText": [Function],
  "findByDisplayValue": [Function],
  "findByLabelText": [Function],
  "findByPlaceholderText": [Function],
  "findByRole": [Function],
  "findByTestId": [Function],
  "findByText": [Function],
  "findByTitle": [Function],
  "getAllByAltText": [Function],
  "getAllByDisplayValue": [Function],
  "getAllByLabelText": [Function],
  "getAllByPlaceholderText": [Function],
  "getAllByRole": [Function],
  "getAllByTestId": [Function],
  "getAllByText": [Function],
  "getAllByTitle": [Function],
  "getByAltText": [Function],
  "getByDisplayValue": [Function],
  "getByLabelText": [Function],
  "getByPlaceholderText": [Function],
  "getByRole": [Function],
  "getByTestId": [Function],
  "getByText": [Function],
  "getByTitle": [Function],
  "queryAllByAltText": [Function],
  "queryAllByDisplayValue": [Function],
  "queryAllByLabelText": [Function],
  "queryAllByPlaceholderText": [Function],
  "queryAllByRole": [Function],
  "queryAllByTestId": [Function],
  "queryAllByText": [Function],
  "queryAllByTitle": [Function],
  "queryByAltText": [Function],
  "queryByDisplayValue": [Function],
  "queryByLabelText": [Function],
  "queryByPlaceholderText": [Function],
  "queryByRole": [Function],
  "queryByTestId": [Function],
  "queryByText": [Function],
  "queryByTitle": [Function],
  "rerender": [Function],
  "unmount": [Function],
}
`;
